actions/nfe.ts(93,9): error TS2578: Unused '@ts-expect-error' directive.
